// Jest Snapshot v1, https://goo.gl/fbAQLP

exports[`useGameStatus check init value 1`] = `
<Board
  onClick={[Function]}
  squares={
    Array [
      null,
      null,
      null,
      null,
      null,
      null,
      null,
      null,
      null,
    ]
  }
/>
`;

exports[`useGameStatus check init value 2`] = `
<React.Fragment>
  <li>
    <button
      onClick={[Function]}
    >
      Go to game start
    </button>
  </li>
</React.Fragment>
`;
